// Jest Snapshot v1, https://goo.gl/fbAQLP

exports[`Loading should render without error 1`] = `
@keyframes animation-0 {
  from, 66%, to {
    width: 1.25rem;
    height: 1.25rem;
    opacity: 0.5;
  }

  33% {
    width: 2.5rem;
    height: 2.5rem;
    opacity: 1;
  }
}

.emotion-3 {
  box-sizing: border-box;
  margin-top: 2.5rem;
  margin-bottom: 2.5rem;
  margin-left: auto;
  margin-right: auto;
  display: -webkit-box;
  display: -webkit-flex;
  display: -ms-flexbox;
  display: flex;
  max-width: 11.25rem;
  height: 2.5rem;
  width: 100%;
  -webkit-flex-flow: row;
  -ms-flex-flow: row;
  flex-flow: row;
  -webkit-box-pack: space-evenly;
  -webkit-justify-content: space-evenly;
  -ms-flex-pack: space-evenly;
  justify-content: space-evenly;
  -webkit-align-items: center;
  -webkit-box-align: center;
  -ms-flex-align: center;
  align-items: center;
}

.emotion-3 > div {
  width: 1.25rem;
  height: 1.25rem;
  opacity: 0.5;
  background-color: skyblue;
  -webkit-animation-name: animation-0;
  animation-name: animation-0;
  -webkit-animation-duration: 1200ms;
  animation-duration: 1200ms;
  -webkit-animation-iteration-count: infinite;
  animation-iteration-count: infinite;
}

.emotion-0 {
  -webkit-animation-delay: 0ms;
  animation-delay: 0ms;
}

.emotion-1 {
  -webkit-animation-delay: 400ms;
  animation-delay: 400ms;
}

.emotion-2 {
  -webkit-animation-delay: 800ms;
  animation-delay: 800ms;
}

<div
  className="emotion-3"
>
  <div
    className="emotion-0"
  />
  <div
    className="emotion-1"
  />
  <div
    className="emotion-2"
  />
</div>
`;
