// Jest Snapshot v1, https://goo.gl/fbAQLP

exports[`Page should render without throwing an error 1`] = `
<IndexPage
  id="testId"
  test="test"
>
  <main>
    <p>
      Param: testId
    </p>
    <p>
      Props from _app.tsx: {"test":"test"}
    </p>
    <p>
      Page Process Env: TEST_TEST_PAGE_PROP
    </p>
    <PrefixedLink
      href="/"
    >
      <Link
        as="/"
        href="/"
      >
        <a
          href="/"
          onClick={[Function]}
          onMouseEnter={[Function]}
        >
          index
        </a>
      </Link>
    </PrefixedLink>
  </main>
</IndexPage>
`;
